--- Bß║»t ─æß║ºu test Customer Sales Actions ---
[PASS] Customer created without assignedSales
[PASS] Quote created
[PASS] Sales auto-assigned to Customer on Quote creation
[PASS] lastQuoteAt updated
[PASS] Quote status validated before conversion
[PASS] Order created from Quote
[PASS] lastOrderAt updated
[PASS] debtBalance incremented properly
[PASS] Timeline picks up Quote
[PASS] Timeline picks up Order
[PASS] Double submit / concurrent convert correctly prevented by Unique Constraint on quoteId
[PASS] Count order theo quoteId lu├┤n = 1

Tß╗òng hß╗úp: 12 / 12 assertions PASS.
Ô£à ALL TESTS PASSED.
